2026-09-29 11:54:59  看门狗启动: adb=C:\Program Files\Unity\Hub\Editor\2022.3.62f3c1\Editor\Data\PlaybackEngines\AndroidPlayer\SDK\platform-tools\adb.exe port=28765 间隔=3s
2026-09-29 11:54:59  转发正常: tcp:28765
2026-09-29 11:55:08  转发丢失，重新建立 tcp:28765
2026-09-29 11:55:08  已重建转发: tcp:28765
2026-09-29 12:34:38  没有已授权设备，等待 USB 连接/授权
2026-09-29 12:34:41  转发丢失，重新建立 tcp:28765
2026-09-29 12:34:41  已重建转发: tcp:28765
2026-09-29 12:48:34  没有已授权设备，等待 USB 连接/授权
2026-09-29 12:48:39  转发丢失，重新建立 tcp:28765
2026-09-29 12:48:39  已重建转发: tcp:28765
2026-09-29 12:58:31  没有已授权设备，等待 USB 连接/授权
2026-09-29 12:58:36  转发丢失，重新建立 tcp:28765
2026-09-29 12:58:36  已重建转发: tcp:28765
2026-09-29 13:19:16  转发丢失，重新建立 tcp:28765
2026-09-29 13:19:16  已重建转发: tcp:28765
2026-09-29 13:29:48  没有已授权设备，等待 USB 连接/授权
2026-09-29 13:29:53  转发丢失，重新建立 tcp:28765
2026-09-29 13:29:53  已重建转发: tcp:28765
2026-09-29 14:09:19  转发丢失，重新建立 tcp:28765
2026-09-29 14:09:19  已重建转发: tcp:28765
2026-09-29 14:52:36  转发丢失，重新建立 tcp:28765
2026-09-29 14:52:36  已重建转发: tcp:28765
2026-09-29 14:59:11  转发丢失，重新建立 tcp:28765
2026-09-29 14:59:11  已重建转发: tcp:28765
2026-09-29 14:59:54  转发丢失，重新建立 tcp:28765
2026-09-29 14:59:54  已重建转发: tcp:28765
2026-09-29 15:01:25  转发丢失，重新建立 tcp:28765
2026-09-29 15:01:25  已重建转发: tcp:28765
2026-09-29 15:03:05  没有已授权设备，等待 USB 连接/授权
2026-09-29 15:03:10  转发丢失，重新建立 tcp:28765
2026-09-29 15:03:10  已重建转发: tcp:28765
2026-09-29 15:04:35  转发丢失，重新建立 tcp:28765
2026-09-29 15:04:35  已重建转发: tcp:28765
2026-09-29 15:04:56  转发丢失，重新建立 tcp:28765
2026-09-29 15:04:56  已重建转发: tcp:28765
2026-09-29 15:05:22  转发丢失，重新建立 tcp:28765
2026-09-29 15:05:22  已重建转发: tcp:28765
2026-09-29 15:06:24  转发丢失，重新建立 tcp:28765
2026-09-29 15:06:24  已重建转发: tcp:28765
2026-09-29 15:10:43  没有已授权设备，等待 USB 连接/授权
2026-09-29 15:10:52  转发丢失，重新建立 tcp:28765
2026-09-29 15:10:52  已重建转发: tcp:28765
2026-09-29 15:11:15  没有已授权设备，等待 USB 连接/授权
2026-09-29 15:11:18  转发丢失，重新建立 tcp:28765
2026-09-29 15:11:18  已重建转发: tcp:28765
2026-09-29 15:14:13  转发丢失，重新建立 tcp:28765
2026-09-29 15:14:13  已重建转发: tcp:28765
2026-09-29 15:14:37  转发丢失，重新建立 tcp:28765
2026-09-29 15:14:37  已重建转发: tcp:28765
2026-09-29 15:15:43  转发丢失，重新建立 tcp:28765
2026-09-29 15:15:43  已重建转发: tcp:28765
2026-09-29 15:16:09  转发丢失，重新建立 tcp:28765
2026-09-29 15:16:09  已重建转发: tcp:28765
2026-09-29 15:17:03  转发丢失，重新建立 tcp:28765
2026-09-29 15:17:03  已重建转发: tcp:28765
